// Jest Snapshot v1, https://goo.gl/fbAQLP

exports[`Test in <About /> should show success Web Component 1`] = `
<div>
  <div>
    <h1
      className="tamaño"
    >
      Acerca de mí
    </h1>
  </div>
  <div
    className="info"
  >
    <img
      alt="imagen"
      className="info_image"
      src="Background.jpg"
    />
    <div
      className="contain_p"
    >
      <p>
        Entusiasta por el universo de la tecnología y por los nuevos avances; me propuse formarme en Web Development realizando un Bootcamp.
      </p>
      <p>
        Mi fin es alcanzar algún proyecto que me permita seguir avanzando en mis conocimientos en desarrollo y ponerlos en práctica.
      </p>
      <p>
        Mejorar a traves de desafios y progresar.
      </p>
      <p>
         Dispuesto a descubrir nuevos retos  para crecer .....¿me acompañas a emprender esta aventura? .
      </p>
      <a
        href="https://drive.google.com/file/d/1L2V9ZH55eLbw0I-cqoM5sPwS-Kci8ISi/view?usp=sharing"
        rel="noopener noreferrer"
        target="_blank"
      >
        resume
      </a>
    </div>
  </div>
</div>
`;
